Arguments: 
  /nix/store/51nhk6ycfnj895q07v94jsrwmk2jmz8j-nodejs-18.17.1/bin/node /run/current-system/sw/bin/yarn info neovim --json

PATH: 
  /run/wrappers/bin:/etc/nixos/bin:/root/.pnpm-global:/root/.node_modules/bin:/root/.config/composer/vendor/bin:/root/.nix-profile/bin:/etc/profiles/per-user/root/bin:/nix/var/nix/profiles/default/bin:/run/current-system/sw/bin:/root/.zsh/plugins/zsh-completions:/root/.zsh/plugins/zsh-nix-shell:/root/.zsh/plugins/zsh-forgit:/nix/store/zx8rjqlw9iaxfb36szbfl5iirmgli1xm-neovim-ruby-env/bin:/nix/store/51nhk6ycfnj895q07v94jsrwmk2jmz8j-nodejs-18.17.1/bin

Yarn version: 
  1.22.19

Node version: 
  18.17.1

Platform: 
  linux x64

Trace: 
  TypeError [ERR_INVALID_ARG_TYPE]: The "path" argument must be of type string. Received [Object: null prototype]
      at new NodeError (node:internal/errors:405:5)
      at validateString (node:internal/validators:162:11)
      at Object.isAbsolute (node:path:1156:5)
      at module.exports.exports.default (/nix/store/516xqbhfpvsjypq9gjwjngq20syyc1rh-yarn-1.22.19/libexec/yarn/lib/cli.js:97087:16)
      at /nix/store/516xqbhfpvsjypq9gjwjngq20syyc1rh-yarn-1.22.19/libexec/yarn/lib/cli.js:51330:63
      at Generator.next (<anonymous>)
      at step (/nix/store/516xqbhfpvsjypq9gjwjngq20syyc1rh-yarn-1.22.19/libexec/yarn/lib/cli.js:310:30)
      at /nix/store/516xqbhfpvsjypq9gjwjngq20syyc1rh-yarn-1.22.19/libexec/yarn/lib/cli.js:321:13

npm manifest: 
  {
    "name": "lib",
    "dependencies": {
      "@ajmnz/prisma-language-server": {
        "version": "4.16.0",
        "overridden": false
      },
      "@inlang/cli": {
        "version": "0.11.1",
        "overridden": false
      },
      "@tailwindcss/language-server": {
        "version": "0.0.13",
        "overridden": false
      },
      "c8": {
        "version": "7.14.0",
        "overridden": false
      },
      "chokidar-cli": {
        "version": "3.0.0",
        "overridden": false
      },
      "cssmodules-language-server": {
        "version": "1.2.1",
        "overridden": false
      },
      "dotenv-cli": {
        "version": "7.2.1",
        "overridden": false
      },
      "emmet-ls": {
        "version": "0.4.2",
        "overridden": false
      },
      "prisma-import": {
        "version": "1.0.4",
        "overridden": false
      },
      "stylelint-lsp": {
        "version": "1.2.4",
        "overridden": false
      }
    }
  }

yarn manifest: 
  No manifest

Lockfile: 
  No lockfile
